// Jest Snapshot v1, https://goo.gl/fbAQLP

exports[`SampleComponent Component it should match the snapshot 1`] = `
<DocumentFragment>
  <div>
    ðŸ›¬  Hello, This is SampleComponent component! ðŸ›«
  </div>
</DocumentFragment>
`;
